// Jest Snapshot v1, https://goo.gl/fbAQLP

exports[`NavigationLogo snapshot should be rendered correctly 1`] = `
<div>
  <a
    aria-label="Переход на главную"
    class="header__logo"
    href="/"
  >
    <svg
      aria-hidden="true"
      height="36"
      width="100"
    >
      <use
        xlink:href="#icon-logo"
      />
    </svg>
  </a>
</div>
`;
