// Jest Snapshot v1, https://goo.gl/fbAQLP

exports[`ScrollToTop snapshot should be rendered correctly 1`] = `<div />`;
